Nothing to build in platform 'Zynq7020_platform'

16:27:31 **** Incremental Build of configuration Debug for project UartControllerPS ****
make all 
make --no-print-directory pre-build
a9-linaro-pre-build-step
' '
make --no-print-directory main-build
'Building file: ../src/xuartns550_main.c'
'Invoking: ARM v7 gcc compiler'
arm-none-eabi-gcc -Wall -O0 -g3 -c -fmessage-length=0 -MT"src/xuartns550_main.o" -mcpu=cortex-a9 -mfpu=vfpv3 -mfloat-abi=hard -IE:/ZynqSpi_Demo/prj11_autofocus/01_app_hyis_ptc0808.sdk/Zynq7020_platform/export/Zynq7020_platform/sw/Zynq7020_platform/standalone_domain/bspinclude/include -MMD -MP -MF"src/xuartns550_main.d" -MT"src/xuartns550_main.o" -o "src/xuartns550_main.o" "../src/xuartns550_main.c"
'Finished building: ../src/xuartns550_main.c'
' '
'Building target: UartControllerPS.elf'
'Invoking: ARM v7 gcc linker'
arm-none-eabi-gcc -mcpu=cortex-a9 -mfpu=vfpv3 -mfloat-abi=hard -Wl,-build-id=none -specs=Xilinx.spec -Wl,-T -Wl,../src/lscript.ld -LE:/ZynqSpi_Demo/prj11_autofocus/01_app_hyis_ptc0808.sdk/Zynq7020_platform/export/Zynq7020_platform/sw/Zynq7020_platform/standalone_domain/bsplib/lib -o "UartControllerPS.elf"  ./src/I2C_func.o ./src/platform.o ./src/xuartns550_main.o   -Wl,--start-group,-lxil,-lgcc,-lc,--end-group
'Finished building target: UartControllerPS.elf'
' '
'Invoking: ARM v7 Print Size'
arm-none-eabi-size UartControllerPS.elf  |tee "UartControllerPS.elf.size"
   text	   data	    bss	    dec	    hex	filename
  42028	   1248	  23112	  66388	  10354	UartControllerPS.elf
'Finished building: UartControllerPS.elf.size'
' '
16:27:33 **** Incremental Build of configuration Debug for project UartControllerPS_system ****
make all 
Generating bif file for the system project
generate_system_bif.bat 54917 E:/ZynqSpi_Demo/prj11_autofocus/01_app_hyis_ptc0808.sdk/Zynq7020_platform/export/Zynq7020_platform/Zynq7020_platform.xpfm standalone_domain E:/ZynqSpi_Demo/prj11_autofocus/01_app_hyis_ptc0808.sdk/UartControllerPS_system/Debug/system.bif
sdcard_gen --xpfm E:/ZynqSpi_Demo/prj11_autofocus/01_app_hyis_ptc0808.sdk/Zynq7020_platform/export/Zynq7020_platform/Zynq7020_platform.xpfm --sys_config Zynq7020_platform --bif E:/ZynqSpi_Demo/prj11_autofocus/01_app_hyis_ptc0808.sdk/UartControllerPS_system/Debug/system.bif --bitstream E:/ZynqSpi_Demo/prj11_autofocus/01_app_hyis_ptc0808.sdk/UartControllerPS/_ide/bitstream/IS_PTC_top.bit --elf E:/ZynqSpi_Demo/prj11_autofocus/01_app_hyis_ptc0808.sdk/UartControllerPS/Debug/UartControllerPS.elf,ps7_cortexa9_0
creating BOOT.BIN using E:/ZynqSpi_Demo/prj11_autofocus/01_app_hyis_ptc0808.sdk/UartControllerPS/_ide/bitstream/IS_PTC_top.bit
Running F:/Xilinx/Vitis/2021.2/bin/bootgen  -image E:/ZynqSpi_Demo/prj11_autofocus/01_app_hyis_ptc0808.sdk/UartControllerPS_system/Debug/sd_card_temp/boot.bif -w -o i BOOT.BIN
